
> espektro-2026@0.1.0 build
> next build

node.exe : ΓÜá Warning: Next.js 
inferred your workspace root, but 
it may not be correct.
At C:\Program 
Files\nodejs\npm.ps1:29 char:3
+   & $NODE_EXE $NPM_CLI_JS $args
+   ~~~~~~~~~~~~~~~~~~~~~~~~~~~~~
    + CategoryInfo          : NotSp 
   ecified: (ΓÜá Warning: Ne...not  
   be correct.:String) [], Remote   
 Exception
    + FullyQualifiedErrorId : Nativ 
   eCommandError
 
 We detected multiple lockfiles and 
selected the directory of C:\Users\c
haya\OneDrive\Desktop\coding\WebDeve
lopment\binary\package-lock.json as 
the root directory.
 To silence this warning, set 
`turbopack.root` in your Next.js 
config, or consider removing one of 
the lockfiles if it's not needed.
   See https://nextjs.org/docs/app/a
pi-reference/config/next-config-js/t
urbopack#root-directory for more 
information.
 Detected additional lockfiles: 
   * C:\Users\chaya\OneDrive\Desktop
\coding\WebDevelopment\binary\espekt
ro-2026\package-lock.json

Γû▓ Next.js 16.1.6 (Turbopack)
- Environments: .env

ΓÜá The "middleware" file 
convention is deprecated. Please 
use "proxy" instead. Learn more: htt
ps://nextjs.org/docs/messages/middle
ware-to-proxy
  Creating an optimized production build ...
Error: Cannot apply unknown utility 
class `border-border`. Are you 
using CSS modules or similar and 
missing `@reference`? https://tailwi
ndcss.com/docs/functions-and-directi
ves#reference-directive
    [2m[at onInvalidCandidate (C:\U
sers\chaya\OneDrive\Desktop\coding\W
ebDevelopment\binary\espektro-2026\n
ode_modules\tailwindcss\dist\lib.js:
21:1314)][0m
    [2m[at Te (C:\Users\chaya\OneDr
ive\Desktop\coding\WebDevelopment\bi
nary\espektro-2026\node_modules\tail
windcss\dist\lib.js:16:36652)][0m
    [2m[at C:\Users\chaya\OneDrive\
Desktop\coding\WebDevelopment\binary
\espektro-2026\node_modules\tailwind
css\dist\lib.js:21:355][0m
    [2m[at Rr (C:\Users\chaya\OneDr
ive\Desktop\coding\WebDevelopment\bi
nary\espektro-2026\node_modules\tail
windcss\dist\lib.js:3:1718)][0m
    [2m[at _ (C:\Users\chaya\OneDri
ve\Desktop\coding\WebDevelopment\bin
ary\espektro-2026\node_modules\tailw
indcss\dist\lib.js:3:1377)][0m
    [2m[at $e (C:\Users\chaya\OneDr
ive\Desktop\coding\WebDevelopment\bi
nary\espektro-2026\node_modules\tail
windcss\dist\lib.js:21:172)][0m
    [2m[at un (C:\Users\chaya\OneDr
ive\Desktop\coding\WebDevelopment\bi
nary\espektro-2026\node_modules\tail
windcss\dist\lib.js:38:294)][0m
    [2m[at 
process.processTicksAndRejections (n
ode:internal/process/task_queues:105
:5)][0m
    [2m[at async cn (C:\Users\chaya
\OneDrive\Desktop\coding\WebDevelopm
ent\binary\espektro-2026\node_module
s\tailwindcss\dist\lib.js:38:631)][
0m
    [2m[at async Xr (C:\Users\chaya
\OneDrive\Desktop\coding\WebDevelopm
ent\binary\espektro-2026\node_module
s\@tailwindcss\node\dist\index.js:10
:3417)][0m
Turbopack build encountered 37 
warnings:
./espektro-2026/src/components/layou
t/MainTextAnim/style.scss
Issue while running loader
SassWarning: Deprecation Warning on 
line 0, column 8 of file:///C:/Users
/chaya/OneDrive/Desktop/coding/WebDe
velopment/binary/espektro-2026/src/c
omponents/layout/MainTextAnim/style.
scss:0:8:
Sass @import rules are deprecated 
and will be removed in Dart Sass 
3.0.0.

More info and automated migrator: 
https://sass-lang.com/d/import

0 | @import "../../../styles/fonts";


src\components\layout\MainTextAnim\s
tyle.scss 1:9  root stylesheet



./espektro-2026/src/components/layou
t/about/components/Espektro/style.mo
dule.scss
Issue while running loader
SassWarning: Deprecation Warning on 
line 0, column 8 of file:///C:/Users
/chaya/OneDrive/Desktop/coding/WebDe
velopment/binary/espektro-2026/src/c
omponents/layout/about/components/Es
pektro/style.module.scss:0:8:
Sass @import rules are deprecated 
and will be removed in Dart Sass 
3.0.0.

More info and automated migrator: 
https://sass-lang.com/d/import

0 | @import 
'../../../../../styles/colors';


src\components\layout\about\componen
ts\Espektro\style.module.scss 1:9  
root stylesheet


Import traces:
  Client Component Browser:
    ./espektro-2026/src/components/l
ayout/about/components/Espektro/styl
e.module.scss [Client Component 
Browser]
    ./espektro-2026/src/components/l
ayout/about/components/Espektro/inde
x.tsx [Client Component Browser]
    ./espektro-2026/src/components/l
ayout/about/index.tsx [Client 
Component Browser]
    ./espektro-2026/src/components/l
ayout/index.tsx [Client Component 
Browser]
    ./espektro-2026/src/components/l
ayout/index.tsx [Server Component]
    
./espektro-2026/src/app/layout.tsx 
[Server Component]

  Client Component SSR:
    ./espektro-2026/src/components/l
ayout/about/components/Espektro/styl
e.module.scss [Client Component SSR]
    ./espektro-2026/src/components/l
ayout/about/components/Espektro/inde
x.tsx [Client Component SSR]
    ./espektro-2026/src/components/l
ayout/about/index.tsx [Client 
Component SSR]
    ./espektro-2026/src/components/l
ayout/index.tsx [Client Component 
SSR]
    ./espektro-2026/src/components/l
ayout/index.tsx [Server Component]
    
./espektro-2026/src/app/layout.tsx 
[Server Component]


./espektro-2026/src/components/layou
t/about/components/Espektro/style.mo
dule.scss
Issue while running loader
SassWarning: Deprecation Warning on 
line 1, column 8 of file:///C:/Users
/chaya/OneDrive/Desktop/coding/WebDe
velopment/binary/espektro-2026/src/c
omponents/layout/about/components/Es
pektro/style.module.scss:1:8:
Sass @import rules are deprecated 
and will be removed in Dart Sass 
3.0.0.

More info and automated migrator: 
https://sass-lang.com/d/import

1 | @import 
'../../../../../styles/breakpoints';


src\components\layout\about\componen
ts\Espektro\style.module.scss 2:9  
root stylesheet


Import traces:
  Client Component Browser:
    ./espektro-2026/src/components/l
ayout/about/components/Espektro/styl
e.module.scss [Client Component 
Browser]
    ./espektro-2026/src/components/l
ayout/about/components/Espektro/inde
x.tsx [Client Component Browser]
    ./espektro-2026/src/components/l
ayout/about/index.tsx [Client 
Component Browser]
    ./espektro-2026/src/components/l
ayout/index.tsx [Client Component 
Browser]
    ./espektro-2026/src/components/l
ayout/index.tsx [Server Component]
    
./espektro-2026/src/app/layout.tsx 
[Server Component]

  Client Component SSR:
    ./espektro-2026/src/components/l
ayout/about/components/Espektro/styl
e.module.scss [Client Component SSR]
    ./espektro-2026/src/components/l
ayout/about/components/Espektro/inde
x.tsx [Client Component SSR]
    ./espektro-2026/src/components/l
ayout/about/index.tsx [Client 
Component SSR]
    ./espektro-2026/src/components/l
ayout/index.tsx [Client Component 
SSR]
    ./espektro-2026/src/components/l
ayout/index.tsx [Server Component]
    
./espektro-2026/src/app/layout.tsx 
[Server Component]


./espektro-2026/src/components/layou
t/about/components/Exotica/style.mod
ule.scss
Issue while running loader
SassWarning: Deprecation Warning on 
line 0, column 8 of file:///C:/Users
/chaya/OneDrive/Desktop/coding/WebDe
velopment/binary/espektro-2026/src/c
omponents/layout/about/components/Ex
otica/style.module.scss:0:8:
Sass @import rules are deprecated 
and will be removed in Dart Sass 
3.0.0.

More info and automated migrator: 
https://sass-lang.com/d/import

0 | @import 
'../../../../../styles/colors';


src\components\layout\about\componen
ts\Exotica\style.module.scss 1:9  
root stylesheet


Import traces:
  Client Component Browser:
    ./espektro-2026/src/components/l
ayout/about/components/Exotica/style
.module.scss [Client Component 
Browser]
    ./espektro-2026/src/components/l
ayout/about/components/Exotica/index
.tsx [Client Component Browser]
    ./espektro-2026/src/components/l
ayout/about/index.tsx [Client 
Component Browser]
    ./espektro-2026/src/components/l
ayout/index.tsx [Client Component 
Browser]
    ./espektro-2026/src/components/l
ayout/index.tsx [Server Component]
    
./espektro-2026/src/app/layout.tsx 
[Server Component]

  Client Component SSR:
    ./espektro-2026/src/components/l
ayout/about/components/Exotica/style
.module.scss [Client Component SSR]
    ./espektro-2026/src/components/l
ayout/about/components/Exotica/index
.tsx [Client Component SSR]
    ./espektro-2026/src/components/l
ayout/about/index.tsx [Client 
Component SSR]
    ./espektro-2026/src/components/l
ayout/index.tsx [Client Component 
SSR]
    ./espektro-2026/src/components/l
ayout/index.tsx [Server Component]
    
./espektro-2026/src/app/layout.tsx 
[Server Component]


./espektro-2026/src/components/layou
t/about/components/Exotica/style.mod
ule.scss
Issue while running loader
SassWarning: Deprecation Warning on 
line 1, column 8 of file:///C:/Users
/chaya/OneDrive/Desktop/coding/WebDe
velopment/binary/espektro-2026/src/c
omponents/layout/about/components/Ex
otica/style.module.scss:1:8:
Sass @import rules are deprecated 
and will be removed in Dart Sass 
3.0.0.

More info and automated migrator: 
https://sass-lang.com/d/import

1 | @import 
'../../../../../styles/breakpoints';


src\components\layout\about\componen
ts\Exotica\style.module.scss 2:9  
root stylesheet


Import traces:
  Client Component Browser:
    ./espektro-2026/src/components/l
ayout/about/components/Exotica/style
.module.scss [Client Component 
Browser]
    ./espektro-2026/src/components/l
ayout/about/components/Exotica/index
.tsx [Client Component Browser]
    ./espektro-2026/src/components/l
ayout/about/index.tsx [Client 
Component Browser]
    ./espektro-2026/src/components/l
ayout/index.tsx [Client Component 
Browser]
    ./espektro-2026/src/components/l
ayout/index.tsx [Server Component]
    
./espektro-2026/src/app/layout.tsx 
[Server Component]

  Client Component SSR:
    ./espektro-2026/src/components/l
ayout/about/components/Exotica/style
.module.scss [Client Component SSR]
    ./espektro-2026/src/components/l
ayout/about/components/Exotica/index
.tsx [Client Component SSR]
    ./espektro-2026/src/components/l
ayout/about/index.tsx [Client 
Component SSR]
    ./espektro-2026/src/components/l
ayout/index.tsx [Client Component 
SSR]
    ./espektro-2026/src/components/l
ayout/index.tsx [Server Component]
    
./espektro-2026/src/app/layout.tsx 
[Server Component]


./espektro-2026/src/components/layou
t/about/components/Quizine/style.mod
ule.scss
Issue while running loader
SassWarning: Deprecation Warning on 
line 0, column 8 of file:///C:/Users
/chaya/OneDrive/Desktop/coding/WebDe
velopment/binary/espektro-2026/src/c
omponents/layout/about/components/Qu
izine/style.module.scss:0:8:
Sass @import rules are deprecated 
and will be removed in Dart Sass 
3.0.0.

More info and automated migrator: 
https://sass-lang.com/d/import

0 | @import 
'../../../../../styles/colors';


src\components\layout\about\componen
ts\Quizine\style.module.scss 1:9  
root stylesheet


Import traces:
  Client Component Browser:
    ./espektro-2026/src/components/l
ayout/about/components/Quizine/style
.module.scss [Client Component 
Browser]
    ./espektro-2026/src/components/l
ayout/about/components/Quizine/index
.tsx [Client Component Browser]
    ./espektro-2026/src/components/l
ayout/about/index.tsx [Client 
Component Browser]
    ./espektro-2026/src/components/l
ayout/index.tsx [Client Component 
Browser]
    ./espektro-2026/src/components/l
ayout/index.tsx [Server Component]
    
./espektro-2026/src/app/layout.tsx 
[Server Component]

  Client Component SSR:
    ./espektro-2026/src/components/l
ayout/about/components/Quizine/style
.module.scss [Client Component SSR]
    ./espektro-2026/src/components/l
ayout/about/components/Quizine/index
.tsx [Client Component SSR]
    ./espektro-2026/src/components/l
ayout/about/index.tsx [Client 
Component SSR]
    ./espektro-2026/src/components/l
ayout/index.tsx [Client Component 
SSR]
    ./espektro-2026/src/components/l
ayout/index.tsx [Server Component]
    
./espektro-2026/src/app/layout.tsx 
[Server Component]


./espektro-2026/src/components/layou
t/about/components/Quizine/style.mod
ule.scss
Issue while running loader
SassWarning: Deprecation Warning on 
line 1, column 8 of file:///C:/Users
/chaya/OneDrive/Desktop/coding/WebDe
velopment/binary/espektro-2026/src/c
omponents/layout/about/components/Qu
izine/style.module.scss:1:8:
Sass @import rules are deprecated 
and will be removed in Dart Sass 
3.0.0.

More info and automated migrator: 
https://sass-lang.com/d/import

1 | @import 
'../../../../../styles/breakpoints';


src\components\layout\about\componen
ts\Quizine\style.module.scss 2:9  
root stylesheet


Import traces:
  Client Component Browser:
    ./espektro-2026/src/components/l
ayout/about/components/Quizine/style
.module.scss [Client Component 
Browser]
    ./espektro-2026/src/components/l
ayout/about/components/Quizine/index
.tsx [Client Component Browser]
    ./espektro-2026/src/components/l
ayout/about/index.tsx [Client 
Component Browser]
    ./espektro-2026/src/components/l
ayout/index.tsx [Client Component 
Browser]
    ./espektro-2026/src/components/l
ayout/index.tsx [Server Component]
    
./espektro-2026/src/app/layout.tsx 
[Server Component]

  Client Component SSR:
    ./espektro-2026/src/components/l
ayout/about/components/Quizine/style
.module.scss [Client Component SSR]
    ./espektro-2026/src/components/l
ayout/about/components/Quizine/index
.tsx [Client Component SSR]
    ./espektro-2026/src/components/l
ayout/about/index.tsx [Client 
Component SSR]
    ./espektro-2026/src/components/l
ayout/index.tsx [Client Component 
SSR]
    ./espektro-2026/src/components/l
ayout/index.tsx [Server Component]
    
./espektro-2026/src/app/layout.tsx 
[Server Component]


./espektro-2026/src/components/layou
t/about/components/Techtix/style.mod
ule.scss
Issue while running loader
SassWarning: Deprecation Warning on 
line 0, column 8 of file:///C:/Users
/chaya/OneDrive/Desktop/coding/WebDe
velopment/binary/espektro-2026/src/c
omponents/layout/about/components/Te
chtix/style.module.scss:0:8:
Sass @import rules are deprecated 
and will be removed in Dart Sass 
3.0.0.

More info and automated migrator: 
https://sass-lang.com/d/import

0 | @import 
'../../../../../styles/colors';


src\components\layout\about\componen
ts\Techtix\style.module.scss 1:9  
root stylesheet


Import traces:
  Client Component Browser:
    ./espektro-2026/src/components/l
ayout/about/components/Techtix/style
.module.scss [Client Component 
Browser]
    ./espektro-2026/src/components/l
ayout/about/components/Techtix/index
.tsx [Client Component Browser]
    ./espektro-2026/src/components/l
ayout/about/index.tsx [Client 
Component Browser]
    ./espektro-2026/src/components/l
ayout/index.tsx [Client Component 
Browser]
    ./espektro-2026/src/components/l
ayout/index.tsx [Server Component]
    
./espektro-2026/src/app/layout.tsx 
[Server Component]

  Client Component SSR:
    ./espektro-2026/src/components/l
ayout/about/components/Techtix/style
.module.scss [Client Component SSR]
    ./espektro-2026/src/components/l
ayout/about/components/Techtix/index
.tsx [Client Component SSR]
    ./espektro-2026/src/components/l
ayout/about/index.tsx [Client 
Component SSR]
    ./espektro-2026/src/components/l
ayout/index.tsx [Client Component 
SSR]
    ./espektro-2026/src/components/l
ayout/index.tsx [Server Component]
    
./espektro-2026/src/app/layout.tsx 
[Server Component]


./espektro-2026/src/components/layou
t/about/components/Techtix/style.mod
ule.scss
Issue while running loader
SassWarning: Deprecation Warning on 
line 1, column 8 of file:///C:/Users
/chaya/OneDrive/Desktop/coding/WebDe
velopment/binary/espektro-2026/src/c
omponents/layout/about/components/Te
chtix/style.module.scss:1:8:
Sass @import rules are deprecated 
and will be removed in Dart Sass 
3.0.0.

More info and automated migrator: 
https://sass-lang.com/d/import

1 | @import 
'../../../../../styles/breakpoints';


src\components\layout\about\componen
ts\Techtix\style.module.scss 2:9  
root stylesheet


Import traces:
  Client Component Browser:
    ./espektro-2026/src/components/l
ayout/about/components/Techtix/style
.module.scss [Client Component 
Browser]
    ./espektro-2026/src/components/l
ayout/about/components/Techtix/index
.tsx [Client Component Browser]
    ./espektro-2026/src/components/l
ayout/about/index.tsx [Client 
Component Browser]
    ./espektro-2026/src/components/l
ayout/index.tsx [Client Component 
Browser]
    ./espektro-2026/src/components/l
ayout/index.tsx [Server Component]
    
./espektro-2026/src/app/layout.tsx 
[Server Component]

  Client Component SSR:
    ./espektro-2026/src/components/l
ayout/about/components/Techtix/style
.module.scss [Client Component SSR]
    ./espektro-2026/src/components/l
ayout/about/components/Techtix/index
.tsx [Client Component SSR]
    ./espektro-2026/src/components/l
ayout/about/index.tsx [Client 
Component SSR]
    ./espektro-2026/src/components/l
ayout/index.tsx [Client Component 
SSR]
    ./espektro-2026/src/components/l
ayout/index.tsx [Server Component]
    
./espektro-2026/src/app/layout.tsx 
[Server Component]


./espektro-2026/src/components/layou
t/about/style.module.scss
Issue while running loader
SassWarning: Deprecation Warning on 
line 0, column 8 of file:///C:/Users
/chaya/OneDrive/Desktop/coding/WebDe
velopment/binary/espektro-2026/src/c
omponents/layout/about/style.module.
scss:0:8:
Sass @import rules are deprecated 
and will be removed in Dart Sass 
3.0.0.

More info and automated migrator: 
https://sass-lang.com/d/import

0 | @import 
'../../../styles/colors';


src\components\layout\about\style.mo
dule.scss 1:9  root stylesheet


Import traces:
  Client Component Browser:
    ./espektro-2026/src/components/l
ayout/about/style.module.scss 
[Client Component Browser]
    ./espektro-2026/src/components/l
ayout/about/index.tsx [Client 
Component Browser]
    ./espektro-2026/src/components/l
ayout/index.tsx [Client Component 
Browser]
    ./espektro-2026/src/components/l
ayout/index.tsx [Server Component]
    
./espektro-2026/src/app/layout.tsx 
[Server Component]

  Client Component SSR:
    ./espektro-2026/src/components/l
ayout/about/style.module.scss 
[Client Component SSR]
    ./espektro-2026/src/components/l
ayout/about/index.tsx [Client 
Component SSR]
    ./espektro-2026/src/components/l
ayout/index.tsx [Client Component 
SSR]
    ./espektro-2026/src/components/l
ayout/index.tsx [Server Component]
    
./espektro-2026/src/app/layout.tsx 
[Server Component]


./espektro-2026/src/components/layou
t/about/style.module.scss
Issue while running loader
SassWarning: Deprecation Warning on 
line 1, column 8 of file:///C:/Users
/chaya/OneDrive/Desktop/coding/WebDe
velopment/binary/espektro-2026/src/c
omponents/layout/about/style.module.
scss:1:8:
Sass @import rules are deprecated 
and will be removed in Dart Sass 
3.0.0.

More info and automated migrator: 
https://sass-lang.com/d/import

1 | @import 
'../../../styles/breakpoints';


src\components\layout\about\style.mo
dule.scss 2:9  root stylesheet


Import traces:
  Client Component Browser:
    ./espektro-2026/src/components/l
ayout/about/style.module.scss 
[Client Component Browser]
    ./espektro-2026/src/components/l
ayout/about/index.tsx [Client 
Component Browser]
    ./espektro-2026/src/components/l
ayout/index.tsx [Client Component 
Browser]
    ./espektro-2026/src/components/l
ayout/index.tsx [Server Component]
    
./espektro-2026/src/app/layout.tsx 
[Server Component]

  Client Component SSR:
    ./espektro-2026/src/components/l
ayout/about/style.module.scss 
[Client Component SSR]
    ./espektro-2026/src/components/l
ayout/about/index.tsx [Client 
Component SSR]
    ./espektro-2026/src/components/l
ayout/index.tsx [Client Component 
SSR]
    ./espektro-2026/src/components/l
ayout/index.tsx [Server Component]
    
./espektro-2026/src/app/layout.tsx 
[Server Component]


./espektro-2026/src/components/layou
t/after-movie/styles.module.scss
Issue while running loader
SassWarning: Deprecation Warning on 
line 0, column 8 of file:///C:/Users
/chaya/OneDrive/Desktop/coding/WebDe
velopment/binary/espektro-2026/src/c
omponents/layout/after-movie/styles.
module.scss:0:8:
Sass @import rules are deprecated 
and will be removed in Dart Sass 
3.0.0.

More info and automated migrator: 
https://sass-lang.com/d/import

0 | @import 
"../../../styles/colors";


src\components\layout\after-movie\st
yles.module.scss 1:9  root 
stylesheet


Import traces:
  Client Component Browser:
    ./espektro-2026/src/components/l
ayout/after-movie/styles.module.scss
 [Client Component Browser]
    ./espektro-2026/src/components/l
ayout/after-movie/index.tsx [Client 
Component Browser]
    ./espektro-2026/src/components/l
ayout/about/index.tsx [Client 
Component Browser]
    ./espektro-2026/src/components/l
ayout/index.tsx [Client Component 
Browser]
    ./espektro-2026/src/components/l
ayout/index.tsx [Server Component]
    
./espektro-2026/src/app/layout.tsx 
[Server Component]

  Client Component SSR:
    ./espektro-2026/src/components/l
ayout/after-movie/styles.module.scss
 [Client Component SSR]
    ./espektro-2026/src/components/l
ayout/after-movie/index.tsx [Client 
Component SSR]
    ./espektro-2026/src/components/l
ayout/about/index.tsx [Client 
Component SSR]
    ./espektro-2026/src/components/l
ayout/index.tsx [Client Component 
SSR]
    ./espektro-2026/src/components/l
ayout/index.tsx [Server Component]
    
./espektro-2026/src/app/layout.tsx 
[Server Component]


./espektro-2026/src/components/layou
t/after-movie/styles.module.scss
Issue while running loader
SassWarning: Deprecation Warning on 
line 1, column 8 of file:///C:/Users
/chaya/OneDrive/Desktop/coding/WebDe
velopment/binary/espektro-2026/src/c
omponents/layout/after-movie/styles.
module.scss:1:8:
Sass @import rules are deprecated 
and will be removed in Dart Sass 
3.0.0.

More info and automated migrator: 
https://sass-lang.com/d/import

1 | @import 
"../../../styles/breakpoints";


src\components\layout\after-movie\st
yles.module.scss 2:9  root 
stylesheet


Import traces:
  Client Component Browser:
    ./espektro-2026/src/components/l
ayout/after-movie/styles.module.scss
 [Client Component Browser]
    ./espektro-2026/src/components/l
ayout/after-movie/index.tsx [Client 
Component Browser]
    ./espektro-2026/src/components/l
ayout/about/index.tsx [Client 
Component Browser]
    ./espektro-2026/src/components/l
ayout/index.tsx [Client Component 
Browser]
    ./espektro-2026/src/components/l
ayout/index.tsx [Server Component]
    
./espektro-2026/src/app/layout.tsx 
[Server Component]

  Client Component SSR:
    ./espektro-2026/src/components/l
ayout/after-movie/styles.module.scss
 [Client Component SSR]
    ./espektro-2026/src/components/l
ayout/after-movie/index.tsx [Client 
Component SSR]
    ./espektro-2026/src/components/l
ayout/about/index.tsx [Client 
Component SSR]
    ./espektro-2026/src/components/l
ayout/index.tsx [Client Component 
SSR]
    ./espektro-2026/src/components/l
ayout/index.tsx [Server Component]
    
./espektro-2026/src/app/layout.tsx 
[Server Component]


./espektro-2026/src/components/layou
t/clubs/style.module.scss
Issue while running loader
SassWarning: Deprecation Warning on 
line 0, column 8 of file:///C:/Users
/chaya/OneDrive/Desktop/coding/WebDe
velopment/binary/espektro-2026/src/c
omponents/layout/clubs/style.module.
scss:0:8:
Sass @import rules are deprecated 
and will be removed in Dart Sass 
3.0.0.

More info and automated migrator: 
https://sass-lang.com/d/import

0 | @import 
'../../../styles/colors';


src\components\layout\clubs\style.mo
dule.scss 1:9  root stylesheet


Import traces:
  Client Component Browser:
    ./espektro-2026/src/components/l
ayout/clubs/style.module.scss 
[Client Component Browser]
    ./espektro-2026/src/components/l
ayout/clubs/index.tsx [Client 
Component Browser]
    ./espektro-2026/src/components/l
ayout/index.tsx [Client Component 
Browser]
    ./espektro-2026/src/components/l
ayout/index.tsx [Server Component]
    
./espektro-2026/src/app/layout.tsx 
[Server Component]

  Client Component SSR:
    ./espektro-2026/src/components/l
ayout/clubs/style.module.scss 
[Client Component SSR]
    ./espektro-2026/src/components/l
ayout/clubs/index.tsx [Client 
Component SSR]
    ./espektro-2026/src/components/l
ayout/index.tsx [Client Component 
SSR]
    ./espektro-2026/src/components/l
ayout/index.tsx [Server Component]
    
./espektro-2026/src/app/layout.tsx 
[Server Component]


./espektro-2026/src/components/layou
t/clubs/style.module.scss
Issue while running loader
SassWarning: Deprecation Warning on 
line 1, column 8 of file:///C:/Users
/chaya/OneDrive/Desktop/coding/WebDe
velopment/binary/espektro-2026/src/c
omponents/layout/clubs/style.module.
scss:1:8:
Sass @import rules are deprecated 
and will be removed in Dart Sass 
3.0.0.

More info and automated migrator: 
https://sass-lang.com/d/import

1 | @import 
'../../../styles/breakpoints';


src\components\layout\clubs\style.mo
dule.scss 2:9  root stylesheet


Import traces:
  Client Component Browser:
    ./espektro-2026/src/components/l
ayout/clubs/style.module.scss 
[Client Component Browser]
    ./espektro-2026/src/components/l
ayout/clubs/index.tsx [Client 
Component Browser]
    ./espektro-2026/src/components/l
ayout/index.tsx [Client Component 
Browser]
    ./espektro-2026/src/components/l
ayout/index.tsx [Server Component]
    
./espektro-2026/src/app/layout.tsx 
[Server Component]

  Client Component SSR:
    ./espektro-2026/src/components/l
ayout/clubs/style.module.scss 
[Client Component SSR]
    ./espektro-2026/src/components/l
ayout/clubs/index.tsx [Client 
Component SSR]
    ./espektro-2026/src/components/l
ayout/index.tsx [Client Component 
SSR]
    ./espektro-2026/src/components/l
ayout/index.tsx [Server Component]
    
./espektro-2026/src/app/layout.tsx 
[Server Component]


./espektro-2026/src/components/layou
t/clubs/style.module.scss
Issue while running loader
SassWarning: Deprecation Warning on 
line 2, column 8 of file:///C:/Users
/chaya/OneDrive/Desktop/coding/WebDe
velopment/binary/espektro-2026/src/c
omponents/layout/clubs/style.module.
scss:2:8:
Sass @import rules are deprecated 
and will be removed in Dart Sass 
3.0.0.

More info and automated migrator: 
https://sass-lang.com/d/import

2 | @import '../../../styles/fonts';


src\components\layout\clubs\style.mo
dule.scss 3:9  root stylesheet


Import traces:
  Client Component Browser:
    ./espektro-2026/src/components/l
ayout/clubs/style.module.scss 
[Client Component Browser]
    ./espektro-2026/src/components/l
ayout/clubs/index.tsx [Client 
Component Browser]
    ./espektro-2026/src/components/l
ayout/index.tsx [Client Component 
Browser]
    ./espektro-2026/src/components/l
ayout/index.tsx [Server Component]
    
./espektro-2026/src/app/layout.tsx 
[Server Component]

  Client Component SSR:
    ./espektro-2026/src/components/l
ayout/clubs/style.module.scss 
[Client Component SSR]
    ./espektro-2026/src/components/l
ayout/clubs/index.tsx [Client 
Component SSR]
    ./espektro-2026/src/components/l
ayout/index.tsx [Client Component 
SSR]
    ./espektro-2026/src/components/l
ayout/index.tsx [Server Component]
    
./espektro-2026/src/app/layout.tsx 
[Server Component]


./espektro-2026/src/components/layou
t/footer/style.module.scss
Issue while running loader
SassWarning: Deprecation Warning on 
line 0, column 8 of file:///C:/Users
/chaya/OneDrive/Desktop/coding/WebDe
velopment/binary/espektro-2026/src/c
omponents/layout/footer/style.module
.scss:0:8:
Sass @import rules are deprecated 
and will be removed in Dart Sass 
3.0.0.

More info and automated migrator: 
https://sass-lang.com/d/import

0 | @import 
"../../../styles/colors";


src\components\layout\footer\style.m
odule.scss 1:9  root stylesheet


Import traces:
  Client Component Browser:
    ./espektro-2026/src/components/l
ayout/footer/style.module.scss 
[Client Component Browser]
    ./espektro-2026/src/components/l
ayout/footer/index.tsx [Client 
Component Browser]
    ./espektro-2026/src/components/l
ayout/index.tsx [Client Component 
Browser]
    ./espektro-2026/src/components/l
ayout/index.tsx [Server Component]
    
./espektro-2026/src/app/layout.tsx 
[Server Component]

  Client Component SSR:
    ./espektro-2026/src/components/l
ayout/footer/style.module.scss 
[Client Component SSR]
    ./espektro-2026/src/components/l
ayout/footer/index.tsx [Client 
Component SSR]
    ./espektro-2026/src/components/l
ayout/index.tsx [Client Component 
SSR]
    ./espektro-2026/src/components/l
ayout/index.tsx [Server Component]
    
./espektro-2026/src/app/layout.tsx 
[Server Component]


./espektro-2026/src/components/layou
t/footer/style.module.scss
Issue while running loader
SassWarning: Deprecation Warning on 
line 1, column 8 of file:///C:/Users
/chaya/OneDrive/Desktop/coding/WebDe
velopment/binary/espektro-2026/src/c
omponents/layout/footer/style.module
.scss:1:8:
Sass @import rules are deprecated 
and will be removed in Dart Sass 
3.0.0.

More info and automated migrator: 
https://sass-lang.com/d/import

1 | @import 
"../../../styles/breakpoints";


src\components\layout\footer\style.m
odule.scss 2:9  root stylesheet


Import traces:
  Client Component Browser:
    ./espektro-2026/src/components/l
ayout/footer/style.module.scss 
[Client Component Browser]
    ./espektro-2026/src/components/l
ayout/footer/index.tsx [Client 
Component Browser]
    ./espektro-2026/src/components/l
ayout/index.tsx [Client Component 
Browser]
    ./espektro-2026/src/components/l
ayout/index.tsx [Server Component]
    
./espektro-2026/src/app/layout.tsx 
[Server Component]

  Client Component SSR:
    ./espektro-2026/src/components/l
ayout/footer/style.module.scss 
[Client Component SSR]
    ./espektro-2026/src/components/l
ayout/footer/index.tsx [Client 
Component SSR]
    ./espektro-2026/src/components/l
ayout/index.tsx [Client Component 
SSR]
    ./espektro-2026/src/components/l
ayout/index.tsx [Server Component]
    
./espektro-2026/src/app/layout.tsx 
[Server Component]


./espektro-2026/src/components/layou
t/footer/style.module.scss
Issue while running loader
SassWarning: Deprecation Warning on 
line 2, column 8 of file:///C:/Users
/chaya/OneDrive/Desktop/coding/WebDe
velopment/binary/espektro-2026/src/c
omponents/layout/footer/style.module
.scss:2:8:
Sass @import rules are deprecated 
and will be removed in Dart Sass 
3.0.0.

More info and automated migrator: 
https://sass-lang.com/d/import

2 | @import "../../../styles/fonts";


src\components\layout\footer\style.m
odule.scss 3:9  root stylesheet


Import traces:
  Client Component Browser:
    ./espektro-2026/src/components/l
ayout/footer/style.module.scss 
[Client Component Browser]
    ./espektro-2026/src/components/l
ayout/footer/index.tsx [Client 
Component Browser]
    ./espektro-2026/src/components/l
ayout/index.tsx [Client Component 
Browser]
    ./espektro-2026/src/components/l
ayout/index.tsx [Server Component]
    
./espektro-2026/src/app/layout.tsx 
[Server Component]

  Client Component SSR:
    ./espektro-2026/src/components/l
ayout/footer/style.module.scss 
[Client Component SSR]
    ./espektro-2026/src/components/l
ayout/footer/index.tsx [Client 
Component SSR]
    ./espektro-2026/src/components/l
ayout/index.tsx [Client Component 
SSR]
    ./espektro-2026/src/components/l
ayout/index.tsx [Server Component]
    
./espektro-2026/src/app/layout.tsx 
[Server Component]


./espektro-2026/src/components/layou
t/navbar/styles.module.scss
Issue while running loader
SassWarning: Deprecation Warning on 
line 0, column 8 of file:///C:/Users
/chaya/OneDrive/Desktop/coding/WebDe
velopment/binary/espektro-2026/src/c
omponents/layout/navbar/styles.modul
e.scss:0:8:
Sass @import rules are deprecated 
and will be removed in Dart Sass 
3.0.0.

More info and automated migrator: 
https://sass-lang.com/d/import

0 | @import 
"../../../styles/colors";


src\components\layout\navbar\styles.
module.scss 1:9  root stylesheet


Import traces:
  Client Component Browser:
    ./espektro-2026/src/components/l
ayout/navbar/styles.module.scss 
[Client Component Browser]
    ./espektro-2026/src/components/l
ayout/navbar/navbar.tsx [Client 
Component Browser]
    ./espektro-2026/src/components/l
ayout/navbar/navbar.tsx [Server 
Component]
    
./espektro-2026/src/app/layout.tsx 
[Server Component]

  Client Component SSR:
    ./espektro-2026/src/components/l
ayout/navbar/styles.module.scss 
[Client Component SSR]
    ./espektro-2026/src/components/l
ayout/navbar/navbar.tsx [Client 
Component SSR]
    ./espektro-2026/src/components/l
ayout/navbar/navbar.tsx [Server 
Component]
    
./espektro-2026/src/app/layout.tsx 
[Server Component]


./espektro-2026/src/components/layou
t/navbar/styles.module.scss
Issue while running loader
SassWarning: Deprecation Warning on 
line 1, column 8 of file:///C:/Users
/chaya/OneDrive/Desktop/coding/WebDe
velopment/binary/espektro-2026/src/c
omponents/layout/navbar/styles.modul
e.scss:1:8:
Sass @import rules are deprecated 
and will be removed in Dart Sass 
3.0.0.

More info and automated migrator: 
https://sass-lang.com/d/import

1 | @import 
"../../../styles/breakpoints";


src\components\layout\navbar\styles.
module.scss 2:9  root stylesheet


Import traces:
  Client Component Browser:
    ./espektro-2026/src/components/l
ayout/navbar/styles.module.scss 
[Client Component Browser]
    ./espektro-2026/src/components/l
ayout/navbar/navbar.tsx [Client 
Component Browser]
    ./espektro-2026/src/components/l
ayout/navbar/navbar.tsx [Server 
Component]
    
./espektro-2026/src/app/layout.tsx 
[Server Component]

  Client Component SSR:
    ./espektro-2026/src/components/l
ayout/navbar/styles.module.scss 
[Client Component SSR]
    ./espektro-2026/src/components/l
ayout/navbar/navbar.tsx [Client 
Component SSR]
    ./espektro-2026/src/components/l
ayout/navbar/navbar.tsx [Server 
Component]
    
./espektro-2026/src/app/layout.tsx 
[Server Component]


./espektro-2026/src/components/layou
t/navbar/styles.module.scss
Issue while running loader
SassWarning: Deprecation Warning on 
line 2, column 8 of file:///C:/Users
/chaya/OneDrive/Desktop/coding/WebDe
velopment/binary/espektro-2026/src/c
omponents/layout/navbar/styles.modul
e.scss:2:8:
Sass @import rules are deprecated 
and will be removed in Dart Sass 
3.0.0.

More info and automated migrator: 
https://sass-lang.com/d/import

2 | @import "../../../styles/fonts";


src\components\layout\navbar\styles.
module.scss 3:9  root stylesheet


Import traces:
  Client Component Browser:
    ./espektro-2026/src/components/l
ayout/navbar/styles.module.scss 
[Client Component Browser]
    ./espektro-2026/src/components/l
ayout/navbar/navbar.tsx [Client 
Component Browser]
    ./espektro-2026/src/components/l
ayout/navbar/navbar.tsx [Server 
Component]
    
./espektro-2026/src/app/layout.tsx 
[Server Component]

  Client Component SSR:
    ./espektro-2026/src/components/l
ayout/navbar/styles.module.scss 
[Client Component SSR]
    ./espektro-2026/src/components/l
ayout/navbar/navbar.tsx [Client 
Component SSR]
    ./espektro-2026/src/components/l
ayout/navbar/navbar.tsx [Server 
Component]
    
./espektro-2026/src/app/layout.tsx 
[Server Component]


./espektro-2026/src/components/layou
t/outlined-heading/styles.module.scs
s
Issue while running loader
SassWarning: Deprecation Warning on 
line 0, column 8 of file:///C:/Users
/chaya/OneDrive/Desktop/coding/WebDe
velopment/binary/espektro-2026/src/c
omponents/layout/outlined-heading/st
yles.module.scss:0:8:
Sass @import rules are deprecated 
and will be removed in Dart Sass 
3.0.0.

More info and automated migrator: 
https://sass-lang.com/d/import

0 | @import 
"../../../styles/colors";


src\components\layout\outlined-headi
ng\styles.module.scss 1:9  root 
stylesheet


Import traces:
  Client Component Browser:
    ./espektro-2026/src/components/l
ayout/outlined-heading/styles.module
.scss [Client Component Browser]
    ./espektro-2026/src/components/l
ayout/outlined-heading/index.tsx 
[Client Component Browser]
    ./espektro-2026/src/components/l
ayout/sponsorship-v.2.0.0/index.tsx 
[Client Component Browser]
    ./espektro-2026/src/components/l
ayout/index.tsx [Client Component 
Browser]
    ./espektro-2026/src/components/l
ayout/index.tsx [Server Component]
    
./espektro-2026/src/app/layout.tsx 
[Server Component]

  Client Component SSR:
    ./espektro-2026/src/components/l
ayout/outlined-heading/styles.module
.scss [Client Component SSR]
    ./espektro-2026/src/components/l
ayout/outlined-heading/index.tsx 
[Client Component SSR]
    ./espektro-2026/src/components/l
ayout/sponsorship-v.2.0.0/index.tsx 
[Client Component SSR]
    ./espektro-2026/src/components/l
ayout/index.tsx [Client Component 
SSR]
    ./espektro-2026/src/components/l
ayout/index.tsx [Server Component]
    
./espektro-2026/src/app/layout.tsx 
[Server Component]


./espektro-2026/src/components/layou
t/outlined-heading/styles.module.scs
s
Issue while running loader
SassWarning: Deprecation Warning on 
line 1, column 8 of file:///C:/Users
/chaya/OneDrive/Desktop/coding/WebDe
velopment/binary/espektro-2026/src/c
omponents/layout/outlined-heading/st
yles.module.scss:1:8:
Sass @import rules are deprecated 
and will be removed in Dart Sass 
3.0.0.

More info and automated migrator: 
https://sass-lang.com/d/import

1 | @import 
"../../../styles/_breakpoints";


src\components\layout\outlined-headi
ng\styles.module.scss 2:9  root 
stylesheet


Import traces:
  Client Component Browser:
    ./espektro-2026/src/components/l
ayout/outlined-heading/styles.module
.scss [Client Component Browser]
    ./espektro-2026/src/components/l
ayout/outlined-heading/index.tsx 
[Client Component Browser]
    ./espektro-2026/src/components/l
ayout/sponsorship-v.2.0.0/index.tsx 
[Client Component Browser]
    ./espektro-2026/src/components/l
ayout/index.tsx [Client Component 
Browser]
    ./espektro-2026/src/components/l
ayout/index.tsx [Server Component]
    
./espektro-2026/src/app/layout.tsx 
[Server Component]

  Client Component SSR:
    ./espektro-2026/src/components/l
ayout/outlined-heading/styles.module
.scss [Client Component SSR]
    ./espektro-2026/src/components/l
ayout/outlined-heading/index.tsx 
[Client Component SSR]
    ./espektro-2026/src/components/l
ayout/sponsorship-v.2.0.0/index.tsx 
[Client Component SSR]
    ./espektro-2026/src/components/l
ayout/index.tsx [Client Component 
SSR]
    ./espektro-2026/src/components/l
ayout/index.tsx [Server Component]
    
./espektro-2026/src/app/layout.tsx 
[Server Component]


./espektro-2026/src/components/layou
t/outlined-heading/styles.module.scs
s
Issue while running loader
SassWarning: Deprecation Warning on 
line 2, column 8 of file:///C:/Users
/chaya/OneDrive/Desktop/coding/WebDe
velopment/binary/espektro-2026/src/c
omponents/layout/outlined-heading/st
yles.module.scss:2:8:
Sass @import rules are deprecated 
and will be removed in Dart Sass 
3.0.0.

More info and automated migrator: 
https://sass-lang.com/d/import

2 | @import "../../../styles/fonts";


src\components\layout\outlined-headi
ng\styles.module.scss 3:9  root 
stylesheet


Import traces:
  Client Component Browser:
    ./espektro-2026/src/components/l
ayout/outlined-heading/styles.module
.scss [Client Component Browser]
    ./espektro-2026/src/components/l
ayout/outlined-heading/index.tsx 
[Client Component Browser]
    ./espektro-2026/src/components/l
ayout/sponsorship-v.2.0.0/index.tsx 
[Client Component Browser]
    ./espektro-2026/src/components/l
ayout/index.tsx [Client Component 
Browser]
    ./espektro-2026/src/components/l
ayout/index.tsx [Server Component]
    
./espektro-2026/src/app/layout.tsx 
[Server Component]

  Client Component SSR:
    ./espektro-2026/src/components/l
ayout/outlined-heading/styles.module
.scss [Client Component SSR]
    ./espektro-2026/src/components/l
ayout/outlined-heading/index.tsx 
[Client Component SSR]
    ./espektro-2026/src/components/l
ayout/sponsorship-v.2.0.0/index.tsx 
[Client Component SSR]
    ./espektro-2026/src/components/l
ayout/index.tsx [Client Component 
SSR]
    ./espektro-2026/src/components/l
ayout/index.tsx [Server Component]
    
./espektro-2026/src/app/layout.tsx 
[Server Component]


./espektro-2026/src/components/layou
t/section-divider/styles.module.scss
Issue while running loader
SassWarning: Deprecation Warning on 
line 0, column 8 of file:///C:/Users
/chaya/OneDrive/Desktop/coding/WebDe
velopment/binary/espektro-2026/src/c
omponents/layout/section-divider/sty
les.module.scss:0:8:
Sass @import rules are deprecated 
and will be removed in Dart Sass 
3.0.0.

More info and automated migrator: 
https://sass-lang.com/d/import

0 | @import 
"../../../styles/colors";


src\components\layout\section-divide
r\styles.module.scss 1:9  root 
stylesheet


Import traces:
  Client Component Browser:
    ./espektro-2026/src/components/l
ayout/section-divider/styles.module.
scss [Client Component Browser]
    ./espektro-2026/src/components/l
ayout/section-divider/index.tsx 
[Client Component Browser]
    ./espektro-2026/src/components/l
ayout/index.tsx [Client Component 
Browser]
    ./espektro-2026/src/components/l
ayout/index.tsx [Server Component]
    
./espektro-2026/src/app/layout.tsx 
[Server Component]

  Client Component SSR:
    ./espektro-2026/src/components/l
ayout/section-divider/styles.module.
scss [Client Component SSR]
    ./espektro-2026/src/components/l
ayout/section-divider/index.tsx 
[Client Component SSR]
    ./espektro-2026/src/components/l
ayout/index.tsx [Client Component 
SSR]
    ./espektro-2026/src/components/l
ayout/index.tsx [Server Component]
    
./espektro-2026/src/app/layout.tsx 
[Server Component]


./espektro-2026/src/components/layou
t/section-divider/styles.module.scss
Issue while running loader
SassWarning: Deprecation Warning on 
line 1, column 8 of file:///C:/Users
/chaya/OneDrive/Desktop/coding/WebDe
velopment/binary/espektro-2026/src/c
omponents/layout/section-divider/sty
les.module.scss:1:8:
Sass @import rules are deprecated 
and will be removed in Dart Sass 
3.0.0.

More info and automated migrator: 
https://sass-lang.com/d/import

1 | @import 
"../../../styles/breakpoints";


src\components\layout\section-divide
r\styles.module.scss 2:9  root 
stylesheet


Import traces:
  Client Component Browser:
    ./espektro-2026/src/components/l
ayout/section-divider/styles.module.
scss [Client Component Browser]
    ./espektro-2026/src/components/l
ayout/section-divider/index.tsx 
[Client Component Browser]
    ./espektro-2026/src/components/l
ayout/index.tsx [Client Component 
Browser]
    ./espektro-2026/src/components/l
ayout/index.tsx [Server Component]
    
./espektro-2026/src/app/layout.tsx 
[Server Component]

  Client Component SSR:
    ./espektro-2026/src/components/l
ayout/section-divider/styles.module.
scss [Client Component SSR]
    ./espektro-2026/src/components/l
ayout/section-divider/index.tsx 
[Client Component SSR]
    ./espektro-2026/src/components/l
ayout/index.tsx [Client Component 
SSR]
    ./espektro-2026/src/components/l
ayout/index.tsx [Server Component]
    
./espektro-2026/src/app/layout.tsx 
[Server Component]


./espektro-2026/src/components/layou
t/sponsorship-v.2.0.0/styles.module.
scss
Issue while running loader
SassWarning: Deprecation Warning on 
line 0, column 8 of file:///C:/Users
/chaya/OneDrive/Desktop/coding/WebDe
velopment/binary/espektro-2026/src/c
omponents/layout/sponsorship-v.2.0.0
/styles.module.scss:0:8:
Sass @import rules are deprecated 
and will be removed in Dart Sass 
3.0.0.

More info and automated migrator: 
https://sass-lang.com/d/import

0 | @import 
"../../../styles/colors";


src\components\layout\sponsorship-v.
2.0.0\styles.module.scss 1:9  root 
stylesheet


Import traces:
  Client Component Browser:
    ./espektro-2026/src/components/l
ayout/sponsorship-v.2.0.0/styles.mod
ule.scss [Client Component Browser]
    ./espektro-2026/src/components/l
ayout/sponsorship-v.2.0.0/index.tsx 
[Client Component Browser]
    ./espektro-2026/src/components/l
ayout/index.tsx [Client Component 
Browser]
    ./espektro-2026/src/components/l
ayout/index.tsx [Server Component]
    
./espektro-2026/src/app/layout.tsx 
[Server Component]

  Client Component SSR:
    ./espektro-2026/src/components/l
ayout/sponsorship-v.2.0.0/styles.mod
ule.scss [Client Component SSR]
    ./espektro-2026/src/components/l
ayout/sponsorship-v.2.0.0/index.tsx 
[Client Component SSR]
    ./espektro-2026/src/components/l
ayout/index.tsx [Client Component 
SSR]
    ./espektro-2026/src/components/l
ayout/index.tsx [Server Component]
    
./espektro-2026/src/app/layout.tsx 
[Server Component]


./espektro-2026/src/components/layou
t/sponsorship-v.2.0.0/styles.module.
scss
Issue while running loader
SassWarning: Deprecation Warning on 
line 1, column 8 of file:///C:/Users
/chaya/OneDrive/Desktop/coding/WebDe
velopment/binary/espektro-2026/src/c
omponents/layout/sponsorship-v.2.0.0
/styles.module.scss:1:8:
Sass @import rules are deprecated 
and will be removed in Dart Sass 
3.0.0.

More info and automated migrator: 
https://sass-lang.com/d/import

1 | @import 
"../../../styles/breakpoints";


src\components\layout\sponsorship-v.
2.0.0\styles.module.scss 2:9  root 
stylesheet


Import traces:
  Client Component Browser:
    ./espektro-2026/src/components/l
ayout/sponsorship-v.2.0.0/styles.mod
ule.scss [Client Component Browser]
    ./espektro-2026/src/components/l
ayout/sponsorship-v.2.0.0/index.tsx 
[Client Component Browser]
    ./espektro-2026/src/components/l
ayout/index.tsx [Client Component 
Browser]
    ./espektro-2026/src/components/l
ayout/index.tsx [Server Component]
    
./espektro-2026/src/app/layout.tsx 
[Server Component]

  Client Component SSR:
    ./espektro-2026/src/components/l
ayout/sponsorship-v.2.0.0/styles.mod
ule.scss [Client Component SSR]
    ./espektro-2026/src/components/l
ayout/sponsorship-v.2.0.0/index.tsx 
[Client Component SSR]
    ./espektro-2026/src/components/l
ayout/index.tsx [Client Component 
SSR]
    ./espektro-2026/src/components/l
ayout/index.tsx [Server Component]
    
./espektro-2026/src/app/layout.tsx 
[Server Component]


./espektro-2026/src/components/layou
t/sponsorship-v.2.0.0/styles.module.
scss
Issue while running loader
SassWarning: Deprecation Warning on 
line 2, column 8 of file:///C:/Users
/chaya/OneDrive/Desktop/coding/WebDe
velopment/binary/espektro-2026/src/c
omponents/layout/sponsorship-v.2.0.0
/styles.module.scss:2:8:
Sass @import rules are deprecated 
and will be removed in Dart Sass 
3.0.0.

More info and automated migrator: 
https://sass-lang.com/d/import

2 | @import "../../../styles/fonts";


src\components\layout\sponsorship-v.
2.0.0\styles.module.scss 3:9  root 
stylesheet


Import traces:
  Client Component Browser:
    ./espektro-2026/src/components/l
ayout/sponsorship-v.2.0.0/styles.mod
ule.scss [Client Component Browser]
    ./espektro-2026/src/components/l
ayout/sponsorship-v.2.0.0/index.tsx 
[Client Component Browser]
    ./espektro-2026/src/components/l
ayout/index.tsx [Client Component 
Browser]
    ./espektro-2026/src/components/l
ayout/index.tsx [Server Component]
    
./espektro-2026/src/app/layout.tsx 
[Server Component]

  Client Component SSR:
    ./espektro-2026/src/components/l
ayout/sponsorship-v.2.0.0/styles.mod
ule.scss [Client Component SSR]
    ./espektro-2026/src/components/l
ayout/sponsorship-v.2.0.0/index.tsx 
[Client Component SSR]
    ./espektro-2026/src/components/l
ayout/index.tsx [Client Component 
SSR]
    ./espektro-2026/src/components/l
ayout/index.tsx [Server Component]
    
./espektro-2026/src/app/layout.tsx 
[Server Component]


./espektro-2026/src/components/layou
t/stats/style.module.scss
Issue while running loader
SassWarning: Deprecation Warning on 
line 2, column 8 of file:///C:/Users
/chaya/OneDrive/Desktop/coding/WebDe
velopment/binary/espektro-2026/src/c
omponents/layout/stats/style.module.
scss:2:8:
Sass @import rules are deprecated 
and will be removed in Dart Sass 
3.0.0.

More info and automated migrator: 
https://sass-lang.com/d/import

2 | @import 
'../../../styles/colors';


src\components\layout\stats\style.mo
dule.scss 3:9  root stylesheet


Import traces:
  Client Component Browser:
    ./espektro-2026/src/components/l
ayout/stats/style.module.scss 
[Client Component Browser]
    ./espektro-2026/src/components/l
ayout/stats/index.tsx [Client 
Component Browser]
    ./espektro-2026/src/components/l
ayout/index.tsx [Client Component 
Browser]
    ./espektro-2026/src/components/l
ayout/index.tsx [Server Component]
    
./espektro-2026/src/app/layout.tsx 
[Server Component]

  Client Component SSR:
    ./espektro-2026/src/components/l
ayout/stats/style.module.scss 
[Client Component SSR]
    ./espektro-2026/src/components/l
ayout/stats/index.tsx [Client 
Component SSR]
    ./espektro-2026/src/components/l
ayout/index.tsx [Client Component 
SSR]
    ./espektro-2026/src/components/l
ayout/index.tsx [Server Component]
    
./espektro-2026/src/app/layout.tsx 
[Server Component]


./espektro-2026/src/components/layou
t/stats/style.module.scss
Issue while running loader
SassWarning: Deprecation Warning on 
line 3, column 8 of file:///C:/Users
/chaya/OneDrive/Desktop/coding/WebDe
velopment/binary/espektro-2026/src/c
omponents/layout/stats/style.module.
scss:3:8:
Sass @import rules are deprecated 
and will be removed in Dart Sass 
3.0.0.

More info and automated migrator: 
https://sass-lang.com/d/import

3 | @import 
'../../../styles/breakpoints';


src\components\layout\stats\style.mo
dule.scss 4:9  root stylesheet


Import traces:
  Client Component Browser:
    ./espektro-2026/src/components/l
ayout/stats/style.module.scss 
[Client Component Browser]
    ./espektro-2026/src/components/l
ayout/stats/index.tsx [Client 
Component Browser]
    ./espektro-2026/src/components/l
ayout/index.tsx [Client Component 
Browser]
    ./espektro-2026/src/components/l
ayout/index.tsx [Server Component]
    
./espektro-2026/src/app/layout.tsx 
[Server Component]

  Client Component SSR:
    ./espektro-2026/src/components/l
ayout/stats/style.module.scss 
[Client Component SSR]
    ./espektro-2026/src/components/l
ayout/stats/index.tsx [Client 
Component SSR]
    ./espektro-2026/src/components/l
ayout/index.tsx [Client Component 
SSR]
    ./espektro-2026/src/components/l
ayout/index.tsx [Server Component]
    
./espektro-2026/src/app/layout.tsx 
[Server Component]


./espektro-2026/src/components/layou
t/stats/style.module.scss
Issue while running loader
SassWarning: Deprecation Warning on 
line 4, column 8 of file:///C:/Users
/chaya/OneDrive/Desktop/coding/WebDe
velopment/binary/espektro-2026/src/c
omponents/layout/stats/style.module.
scss:4:8:
Sass @import rules are deprecated 
and will be removed in Dart Sass 
3.0.0.

More info and automated migrator: 
https://sass-lang.com/d/import

4 | @import '../../../styles/fonts';


src\components\layout\stats\style.mo
dule.scss 5:9  root stylesheet


Import traces:
  Client Component Browser:
    ./espektro-2026/src/components/l
ayout/stats/style.module.scss 
[Client Component Browser]
    ./espektro-2026/src/components/l
ayout/stats/index.tsx [Client 
Component Browser]
    ./espektro-2026/src/components/l
ayout/index.tsx [Client Component 
Browser]
    ./espektro-2026/src/components/l
ayout/index.tsx [Server Component]
    
./espektro-2026/src/app/layout.tsx 
[Server Component]

  Client Component SSR:
    ./espektro-2026/src/components/l
ayout/stats/style.module.scss 
[Client Component SSR]
    ./espektro-2026/src/components/l
ayout/stats/index.tsx [Client 
Component SSR]
    ./espektro-2026/src/components/l
ayout/index.tsx [Client Component 
SSR]
    ./espektro-2026/src/components/l
ayout/index.tsx [Server Component]
    
./espektro-2026/src/app/layout.tsx 
[Server Component]


./espektro-2026/src/components/layou
t/stats/style.module.scss
Issue while running loader
SassWarning: Deprecation Warning on 
line 5, column 8 of file:///C:/Users
/chaya/OneDrive/Desktop/coding/WebDe
velopment/binary/espektro-2026/src/c
omponents/layout/stats/style.module.
scss:5:8:
Sass @import rules are deprecated 
and will be removed in Dart Sass 
3.0.0.

More info and automated migrator: 
https://sass-lang.com/d/import

5 | @import 
'../../../styles/brown-theme';


src\components\layout\stats\style.mo
dule.scss 6:9  root stylesheet


Import traces:
  Client Component Browser:
    ./espektro-2026/src/components/l
ayout/stats/style.module.scss 
[Client Component Browser]
    ./espektro-2026/src/components/l
ayout/stats/index.tsx [Client 
Component Browser]
    ./espektro-2026/src/components/l
ayout/index.tsx [Client Component 
Browser]
    ./espektro-2026/src/components/l
ayout/index.tsx [Server Component]
    
./espektro-2026/src/app/layout.tsx 
[Server Component]

  Client Component SSR:
    ./espektro-2026/src/components/l
ayout/stats/style.module.scss 
[Client Component SSR]
    ./espektro-2026/src/components/l
ayout/stats/index.tsx [Client 
Component SSR]
    ./espektro-2026/src/components/l
ayout/index.tsx [Client Component 
SSR]
    ./espektro-2026/src/components/l
ayout/index.tsx [Server Component]
    
./espektro-2026/src/app/layout.tsx 
[Server Component]


./espektro-2026/src/components/layou
t/style.module.scss
Issue while running loader
SassWarning: Deprecation Warning on 
line 0, column 8 of file:///C:/Users
/chaya/OneDrive/Desktop/coding/WebDe
velopment/binary/espektro-2026/src/c
omponents/layout/style.module.scss:0
:8:
Sass @import rules are deprecated 
and will be removed in Dart Sass 
3.0.0.

More info and automated migrator: 
https://sass-lang.com/d/import

0 | @import "../../styles/colors";


src\components\layout\style.module.s
css 1:9  root stylesheet


Import traces:
  Client Component Browser:
    ./espektro-2026/src/components/l
ayout/style.module.scss [Client 
Component Browser]
    ./espektro-2026/src/components/l
ayout/index.tsx [Client Component 
Browser]
    ./espektro-2026/src/components/l
ayout/index.tsx [Server Component]
    
./espektro-2026/src/app/layout.tsx 
[Server Component]

  Client Component SSR:
    ./espektro-2026/src/components/l
ayout/style.module.scss [Client 
Component SSR]
    ./espektro-2026/src/components/l
ayout/index.tsx [Client Component 
SSR]
    ./espektro-2026/src/components/l
ayout/index.tsx [Server Component]
    
./espektro-2026/src/app/layout.tsx 
[Server Component]


./espektro-2026/src/components/layou
t/style.module.scss
Issue while running loader
SassWarning: Deprecation Warning on 
line 1, column 8 of file:///C:/Users
/chaya/OneDrive/Desktop/coding/WebDe
velopment/binary/espektro-2026/src/c
omponents/layout/style.module.scss:1
:8:
Sass @import rules are deprecated 
and will be removed in Dart Sass 
3.0.0.

More info and automated migrator: 
https://sass-lang.com/d/import

1 | @import 
"../../styles/breakpoints";


src\components\layout\style.module.s
css 2:9  root stylesheet


Import traces:
  Client Component Browser:
    ./espektro-2026/src/components/l
ayout/style.module.scss [Client 
Component Browser]
    ./espektro-2026/src/components/l
ayout/index.tsx [Client Component 
Browser]
    ./espektro-2026/src/components/l
ayout/index.tsx [Server Component]
    
./espektro-2026/src/app/layout.tsx 
[Server Component]

  Client Component SSR:
    ./espektro-2026/src/components/l
ayout/style.module.scss [Client 
Component SSR]
    ./espektro-2026/src/components/l
ayout/index.tsx [Client Component 
SSR]
    ./espektro-2026/src/components/l
ayout/index.tsx [Server Component]
    
./espektro-2026/src/app/layout.tsx 
[Server Component]


./espektro-2026/src/components/layou
t/style.module.scss
Issue while running loader
SassWarning: Deprecation Warning on 
line 2, column 8 of file:///C:/Users
/chaya/OneDrive/Desktop/coding/WebDe
velopment/binary/espektro-2026/src/c
omponents/layout/style.module.scss:2
:8:
Sass @import rules are deprecated 
and will be removed in Dart Sass 
3.0.0.

More info and automated migrator: 
https://sass-lang.com/d/import

2 | @import "../../styles/fonts";


src\components\layout\style.module.s
css 3:9  root stylesheet


Import traces:
  Client Component Browser:
    ./espektro-2026/src/components/l
ayout/style.module.scss [Client 
Component Browser]
    ./espektro-2026/src/components/l
ayout/index.tsx [Client Component 
Browser]
    ./espektro-2026/src/components/l
ayout/index.tsx [Server Component]
    
./espektro-2026/src/app/layout.tsx 
[Server Component]

  Client Component SSR:
    ./espektro-2026/src/components/l
ayout/style.module.scss [Client 
Component SSR]
    ./espektro-2026/src/components/l
ayout/index.tsx [Client Component 
SSR]
    ./espektro-2026/src/components/l
ayout/index.tsx [Server Component]
    
./espektro-2026/src/app/layout.tsx 
[Server Component]



> Build error occurred
Error: Turbopack build failed with 
1 errors:
./espektro-2026/src/app/globals.css
Error evaluating Node.js code
CssSyntaxError: tailwindcss: C:\User
s\chaya\OneDrive\Desktop\coding\WebD
evelopment\binary\espektro-2026\src\
app\globals.css:1:1: Cannot apply 
unknown utility class 
`border-border`. Are you using CSS 
modules or similar and missing 
`@reference`? https://tailwindcss.co
m/docs/functions-and-directives#refe
rence-directive
    at Input.error (espektro-2026/no
de_modules/postcss/lib/input.js:135:
16) [C:\Users\chaya\OneDrive\Desktop
\coding\WebDevelopment\binary\espekt
ro-2026\.next\build\chunks\5bba3_1d4
378c0._.js:4651:22]
    at Root.error (espektro-2026/nod
e_modules/postcss/lib/node.js:146:32
) [C:\Users\chaya\OneDrive\Desktop\c
oding\WebDevelopment\binary\espektro
-2026\.next\build\chunks\5bba3_1d437
8c0._.js:928:38]
    [at Object.Once (C:\Users\chaya\
OneDrive\Desktop\coding\WebDevelopme
nt\binary\espektro-2026\node_modules
\@tailwindcss\postcss\dist\index.js:
10:6911)]
    [at 
process.processTicksAndRejections (n
ode:internal/process/task_queues:105
:5)]
    at async LazyResult.runAsync (es
pektro-2026/node_modules/postcss/lib
/lazy-result.js:293:11) [C:\Users\ch
aya\OneDrive\Desktop\coding\WebDevel
opment\binary\espektro-2026\.next\bu
ild\chunks\5bba3_1d4378c0._.js:6206:
21]
    at async transform (turbopack://
/[turbopack-node]/transforms/postcss
.ts:70:34) [C:\Users\chaya\OneDrive\
Desktop\coding\WebDevelopment\binary
\espektro-2026\.next\build\chunks\[r
oot-of-the-server]__7b7bf3e2._.js:14
6:36]
    at async run (turbopack:///[turb
opack-node]/ipc/evaluate.ts:92:23) [
C:\Users\chaya\OneDrive\Desktop\codi
ng\WebDevelopment\binary\espektro-20
26\.next\build\chunks\[root-of-the-s
erver]__f0deaa77._.js:443:31]

Import trace:
  Client Component Browser:
    
./espektro-2026/src/app/globals.css 
[Client Component Browser]
    
./espektro-2026/src/app/layout.tsx 
[Server Component]


    at async transform (turbopack://
/[turbopack-node]/transforms/postcss
.ts:70:34) [C:\Users\chaya\OneDrive\
Desktop\coding\WebDevelopment\binary
\espektro-2026\.next\build\chunks\[r
oot-of-the-server]__7b7bf3e2._.js:14
6:36])
    at async run (turbopack:///[turb
opack-node]/ipc/evaluate.ts:92:23) [
C:\Users\chaya\OneDrive\Desktop\codi
ng\WebDevelopment\binary\espektro-20
26\.next\build\chunks\[root-of-the-s
erver]__f0deaa77._.js:443:31])
